<!-- investing.log -- Investing activity log for Suggi-Workstation agents.
    Append entries at the bottom. Never edit old entries.
    Format: ## [ENT-NNN] | YYYY-MM-DD HH:MM UTC | Agent | investing | ref: path/to/file.md
    Category: investing only
    See logbook/protocol.md for the full spec.
-->

## [ENT-001] | 2026-09-09 13:56 UTC | Neo | investing | ref: agentic-brain:reflections/2026-09-09_neo_reference-the-criteria-not-a-second-filter.md | see: 20260909T134526Z
Session: self-contained investment methods, knowledge and identity evolution.
Workstreams:
- Retained the approved investment methods and made workspace frameworks authoritative,
  with the Investing Hub copies available to other agents.
- Added asset-based/SOTP and thesis/falsification knowledge; verified workspace retrieval.
- Built the full identity record and lifecycle review; Morpheus maintained query scope.
- Consolidated ten existing knowledge notes so retired rules no longer govern current
  abstracts, conclusions or procedure descriptions. No framework was changed in this close.
- Advanced identity to v1.1 and archived v1.0 losslessly; Purpose and Guidelines unchanged.
Verification: source/claims checks, retained synthetic arithmetic, section minima,
ASCII, identity preservation and scoped workspace commit 6e3dde0.
Open: current-framework real-company application and SEC ingestion pilot remain untested.
Reflection: 20260909T134526Z.

## [ENT-002] | 2026-09-14 06:43 UTC | Neo | investing | ref: agentic-brain:reflections/2026-09-14_neo_better-indicators-can-hide-worse-owner-outcomes.md | see: 20260914T062349Z
Session: directed financial-data capability and value-investing research.
Workstreams:
- Clarified Neo's main investing role in the Brain blueprint at Suggi's direction.
- Evaluated data sources and built the profile-owned financial-data-fetch skill.
- Published data/crox-financial.md and data/pypl-financial.md from reviewed sources.
  PayPal embeds historical metrics; incomplete debt inputs remain explicit N/A.
- Added workspace knowledge on repurchases, inflation, reverse DCF, reinvestment,
  cyclical normalization and operating float; promoted the share-count lesson.
- Strengthened source/claim checks and replaced stale research-source guidance.
- Advanced identity to v1.2; archived v1.1 losslessly with immutable sections intact.
Verified: source checks, synthetic calculations, statement tests and independent
financial-data reviews. The closure reflection passed format checks and Brain CI.
Open: full current-framework company application and broader ingestion validation.
Reflection: 20260914T062349Z.

## [ENT-003] | 2026-09-15 10:56 UTC | Neo | investing | ref: agentic-brain:reflections/2026-09-15_neo_learning-is-not-a-file-quota.md | see: 20260915T103729Z
Session: online-led framework audit and question-based investing learning.
Workstreams:
- Corrected MISSION.md at Suggi's direction; kept the research mandate explicit.
- Applied approved investment-before-D&A and dated-share-count clarifications.
  Published framework copies match the workspace; commit 187b271.
- Deepened competence, cash-consistency, discount-rate and selling explanations.
- Added acquisition, deferred-tax and R&D investment knowledge, followed by
  look-through earnings, shared scale, goodwill, reserve and liquidity topics.
- Aligned research and capture skills around evidenced outcomes, not file quotas;
  kept fresh-source requirements and added a verified resumable capture check.
- Advanced identity to v1.3; archived the full v1.2 entry without changing
  Purpose, Guidelines or other metadata beyond the version.
Verification: source checks, conditional arithmetic, scoped commits, ASCII,
reflection format and lossless identity archive. Synthetic tests are not
company-level validation.
Open: full current-framework company application and SEC ingestion pilot.
Reflection: 20260915T103729Z.

## [ENT-004] | 2026-09-23 16:25 UTC | Neo | investing | ref: agentic-brain:reflections/2026-09-23_neo_bound-research-not-completion.md | see: 20260923T161317Z
Session: portfolio reporting and separated learning/task maintenance.
Workstreams:
- Built and personally exercised daily portfolio reporting with live holdings,
  dated quotes, markets, central banks and qualified podcast coverage.
- Preserved the fuller report; added Bonds & Rates and a single capture-only
  learning handoff. Their combined end-to-end test remains open.
- Added source/holiday references and verified Neo/curator eligibility for
  the report, learnings-capture and tasks-update; reporting remains paused.
- Separated learning capture from task review; this closure exercised their
  order without claiming that the full report integration was tested.
- Added permitted-output and product-mix reasoning to existing cyclical
  earnings knowledge; attributed management remarks are not audited results.
- Reviewed tasks and advanced identity to v1.4 with a lossless v1.3 archive.
Verified: source passages, scoped workspace commits, reflection format and
identity preservation. Broader company application and SEC pilot remain open.
Reflection: 20260923T161317Z.

## [ENT-005] | 2026-09-23 21:04 UTC | Neo | investing | ref: agentic-brain:reflections/2026-09-23_neo_scope-before-workflow.md | see: 20260923T205959Z
Session: company understanding, plain citations and research-only scope.
Workstreams:
- Exercised company research on Alibaba and Shareholder Value Beteiligungen;
  their existing reports and models retain explicit intrinsic-value limitations.
- Saved typed company knowledge and consolidated source formatting, examples
  and plain bracketed citations across workspace knowledge and LEARNINGS.md.
- Researched ASML using frameworks as questions only; saved workspace
  knowledge/company-asml.md without scores, models or a Hub company report.
  Suggi authorized this session-end logbook entry as the only new Hub write.
- Reviewed learning and tasks without duplicate capture or false completion;
  advanced identity to v1.5 and archived the complete prior entry.
- Strengthened profile-local scope selection, citation verification/display
  and scratch-root checks; no core governance or investment method changed.
Verified: scoped commits, source-target mapping, evidence checks, ASCII,
reflection format and lossless identity archival. Brain publication CI passed.
Open: completed intrinsic valuation, SEC ingestion pilot, fuller brief integration
and the sparse citation-ID helper repair; schedules remain paused.
Reflection: 20260923T205959Z.
Scope: the no-core/no-method-change statement applies to the ASML research
and this closure, not the earlier explicitly authorized edits in the session.

## [ENT-006] | 2026-09-24 11:09 UTC | Neo | investing | ref: agentic-brain:reflections/2026-09-24_neo_rehearsal-is-not-scheduled-operation.md | see: 20260924T110141Z
Session: paused learning-loop construction, retrieval audit and manual rehearsal.
Workstreams:
- Built a clock-aligned two-hour learning routine; kept its schedule disabled.
- Kept lifecycle procedures standalone; loop owns research and whole-session
  capture scopes. The second pass reviewed prior evidence without duplicating it.
- Verified workspace coverage, current chunk text and actual retrieval separately.
- Researched maintenance investment; saved its owner-cash measurement note and
  financial-health crosslink in workspace commit b6b4741.
- Reviewed tasks without closing unperformed company/ingestion/report tests;
  advanced identity to v1.6 with a lossless full v1.5 archive.
Verified: source identities/evidence, conditional arithmetic, section checks,
ASCII, exact scoped commits and reflection format. Brain watcher publication
and both applicable exact-commit CI runs passed.
Limits: manual current-session execution, not a fresh scheduler run or an
unattended interruption-recovery test. No company valuation or activation.
Reflection: 20260924T110141Z.

## [ENT-007] | 2026-09-24 21:20 UTC | Neo | investing | ref: agentic-brain:reflections/2026-09-24_neo_rehearsal-is-not-scheduled-operation.md | see: 20260924T110141Z
Session: company learning, bounded valuation and final whole-session review.
Workstreams:
- Nintendo assessment in companies/NTDOY.md exercised all six frameworks and
  a bounded operating-cash DCF; unresolved holdings prevent full-company value.
- Completed sequential reference-class, NVR and Citigroup learning captures;
  saved company profiles and reinforced bank-equity, risk-transfer and buyback
  understanding in Neo's workspace. These research cases are not valuations.
- Kept captured learning without duplicating the inbox; updated the lead task
  with Nintendo progress while retaining its unresolved owner-value bridge.
- Extended the existing session reflection rather than publishing a duplicate;
  identity v1.7 preserves v1.6 losslessly and retains known limitations.
Verified locally: source/capture checks, scoped commits, reflection format,
identity preservation, ASCII/IDs and workspace layout. Final publication,
applicable CI and automatic-index checks remain pending at this append.
No portfolio, protected method or schedule changed during closure; the earlier
checkpoint scar remains recorded in errors.log ENT-005. No new gate warranted.
Reflection: 20260924T110141Z.

## [ENT-008] | 2026-09-29 20:36 UTC | Neo | investing | ref: agentic-brain:reflections/2026-09-29_neo_a-missing-input-blocks-a-verdict-only-if-it-could-change-it.md | see: 20260929T202906Z
Session: learning cycles, framework review, six framework skills and Nintendo valuation.
Workstreams:
- Completed five learning cycles in Neo's workspace: pensions, productivity,
  regulated utility returns, misjudgment and dual-class control.
- Added Buffett's pricing-power, owner-earnings, one-dollar and four-filter tests
  to the six frameworks; published copies in commit f7b6774.
- Built six standalone framework skills; company-research now runs them in order.
- Wrote companies/NTDOY.md (commit 28e0c72): Bear/Base/Bull 2,268/3,656/5,250 yen
  against 7,896 yen; thesis not supported at the current price, Medium confidence.
- Skills are no longer git-tracked in the profile repo; background review improves
  them in place. Identity v1.8 archives v1.7 losslessly.
Verified: source evidence and citations, second-calculation valuation, scoped
commits, reflection format gate. Not established: a second company or sector.
No new error entry warranted; the break-even check is now in company-research.
Reflection: 20260929T202906Z.

## [ENT-009] | 2026-10-03 09:48 UTC | Neo | investing | ref: agentic-brain:reflections/2026-10-03_neo_materiality-is-the-break-even-test-applied-to-attention.md | see: 20261003T094145Z
Session: combined closure of the 2026-09-29 to 2026-10-03 work across several conversations.
Workstreams:
- Wrote companies/CROX.md (commit 9f854f4): Bear/Base/Bull 61/133/188 dollars
  against 122.63; near fair value, no margin of safety, Medium confidence.
  First near-price test of the break-even rule; the tax-claim range could not
  change the verdict.
- Ran the investing-learning-loop under the real scheduler twice on 2026-09-30;
  lease and supplier-finance notes in workspace 0a8a305 and 9302746. Suggi paused it.
- Added a materiality-gated supplier-finance check to financial-health; the
  published copy (commit 0d79955) is byte-identical to the workspace method.
- Promoted both open LEARNINGS entries into knowledge files and added Masco and
  P&G evidence for the immaterial case (workspace 3b3a697, 37ba3dd).
- Kept the SEC ingestion pilot as the single open task; identity v1.9 archives v1.8.
Verified: source quotes and strict citation checks, knowledge validators,
scoped commits, reflection format gate and lossless identity archive.
Reflection: 20261003T094145Z.

## [ENT-010] | 2026-10-03 19:15 UTC | Neo | investing | ref: agentic-brain:reflections/2026-10-03_neo_a-great-investment-is-not-evidence-of-a-wonderful-business.md | see: 20261003T191032Z
Session: nine company research cycles on famous value-investing cases, and a new company-file format.
Workstreams:
- Company profiles in Neo's workspace: American Express, Teledyne, Valeant,
  See's Candies, BYD, Progressive, Washington Post, East West Bancorp, Fastenal.
  Research profiles only; no valuation or price judgment.
- Knowledge guide: higher section word floors and a closing section that asks,
  critically, whether the business is wonderful; validator reads the guide.
- Verdicts: See's yes but no growth; Progressive qualified yes; Fastenal was a
  compounder, now a cash generator; Washington Post was, not now; BYD and East
  West no.
- General notes updated: when-to-sell (Washington Post), reinvestment-economics
  (Fastenal); research queue added to TASKS.md and trimmed per cycle.
- Identity v2.0 archives v1.9.
Verified: strict quote checks for every company file, knowledge validators,
scoped commits, reflection format gate and lossless identity archive.
Reflection: 20261003T191032Z.

## [ENT-011] | 2026-10-05 14:38 UTC | Neo | investing | ref: agentic-brain:reflections/2026-10-05_neo_a-gate-passes-only-what-it-actually-reads.md | see: 20261005T143111Z
Session: forty knowledge files reworked to the topic-only format.
Workstreams:
- Knowledge guide: topic-only rule for all files, Accumulated Understanding
  floor 300, narration scan adapted from Cassandra's capture skill.
- Reworks: four batches; six company files narrowed to company knowledge,
  thirty-four general notes rebuilt on fresh primary sources, each removed
  from the TASKS.md Reworks list in its own commit; 31 remain.
- Brain: Munger latticework topic provenance corrected (ENT-955).
- Closure: financial-health restored two points other notes cite (eee987f).
- Identity v2.1 archives v2.0.
Verified: strict quote checks on every rebuilt note, knowledge validators,
scoped commits, reflection format gate and lossless identity archive.
Reflection: 20261005T143111Z.

## [ENT-012] | 2026-10-07 08:05 UTC | Neo | investing | ref: agentic-brain:reflections/2026-10-07_neo_a-sourced-sentence-fails-at-its-connectives-not-its-facts.md | see: 20261007T074552Z
Session: reworks closed and thirty new knowledge notes.
Workstreams:
- Reworks: last thirty-one finished (27 company files, 4 general notes);
  Reworks section closed in TASKS.md (a59aad2).
- Learning cycles: three rounds of ten, one note per cycle plus one
  cross-link commit; fifteen companies, fifteen general topics.
- Verdicts: Kraft Heinz, Salomon no; Fairfax, Itochu, Markel no but good;
  O'Reilly and Monster conditional yes. Research profiles, no valuations.
- Citigroup note: return targets, their history and the price-implied
  return (56f47b8); Fraser has been CEO since 2021.
- Morpheus: telemetry setting restored with Suggi's approval; Brain
  logbook note ENT-099.
- Identity v2.2 archives v2.1.
Verified: strict quote checks on every new note, knowledge validators,
scoped commits, reflection format gate and lossless identity archive.
Reflection: 20261007T074552Z.
